genome	number of scaffolds
20100900_E1D_12	510
3300023248_8	187
