genome	Complex nitrogen_redox: nitrate->nitrite -1	Complex nitrogen_redox: nitrite->ammonium -2	Complex nitrogen_redox: nitrite->nitric oxide -3	Complex nitrogen_redox: nitric oxide->dinitrogen -4	Complex nitrogen_redox: nitric oxide->nitrous oxide -5	Complex nitrogen_redox: nitrous oxide->dinitrogen -6	Complex nitrogen_redox: dinitrogen->ammonium -7	Complex nitrogen_redox: ammonium/nitric oxide->hydrazine -8	Complex nitrogen_redox: hydrazine->dinitrogen -9	Complex nitrogen_redox: ammonium->hydroxylamine -10	Complex nitrogen_redox: hydroxylamine->nitric oxide -11	Complex nitrogen_redox: nitrite->nitrate -13	Complex nitrogen_redox: nitric oxide->nitrate -14	Complex nitrogen_redox: nitric oxide->ammonium -15	Complex nitrogen_redox: nitrate->nitrite -16	Complex nitrogen_redox: nitrite->ammonium -17	Complex chemotaxis: mcp->None -1	Complex chemotaxis: cheW->None -2	Complex chemotaxis: cheA->None -3	Complex chemotaxis: cheY->None -4	Complex chemotaxis: cheBR->None -5	Complex flagella_assembly: stator->None -1	Complex flagella_assembly: C-ring->None -2	Complex flagella_assembly: type-III secretion->None -3	Complex flagella_assembly: MS-ring->None -4	Complex flagella_assembly: basal body->None -5	Complex flagella_assembly: P-ring->None -6	Complex flagella_assembly: L-ring->None -7	Complex flagella_assembly: hook->None -8	Complex flagella_assembly: filament->None -9	Complex sulfur_redox: sulfate->APS -1	Complex sulfur_redox: APS->sulfite -2	Complex sulfur_redox: sulfite->sulfide -3	Complex sulfur_redox: tetrathionate->thiosulfate -4	Complex sulfur_redox: thiosulfate->sulfide -5	Complex sulfur_redox: APS->PAPS -6	Complex sulfur_redox: PAPS->sulfite -7	Complex sulfur_redox: sulfite->sulfide -8	Complex sulfur_redox: sulfur->sulfite -9	Complex sulfur_redox: thiosulfate->sulfur -10	Complex sulfur_redox: sulfide->sulfur -11	Complex sulfur_redox: sulfide->sulfur -12	Complex sulfur_redox: sulfide->sulfur -13	Complex sulfur_redox: sulfide->sulfur -14	Complex urea_degradation: urea->carbon dioxide -1	Complex carbon_redox: methane->methanol -3	Complex carbon_redox: methanol->formaldehyde -4	Complex carbon_redox: formaldehyde->5,10-methylene-THMPT -5	Complex carbon_redox: formaldehyde->formate -6	Complex carbon_redox: formate->carbon dioxide -7	Complex cellulose_degradation: 1,4-B-D-cellulose->cellobiose -1	Complex cellulose_degradation: 1,4-B-D-cellulose->cellobiose -2	Complex cellulose_degradation: cellobiose->D-glucose -3	Complex cellulose_degradation: cellobiose->D-glucose-1-phosphate -4	Complex xylan_degradation: 1,4-B-D-xylan->D-xylose -1	Complex xylose_degradation: D-xylose->D-xylulose -1	Complex xylose_degradation: D-xylulose->D-xylulose-5-phosphate -2	Complex xylose_degradation: D-xylose->xylitol -3	Complex xylose_degradation: xylitol->D-xylulose -4	Complex xylose_degradation: D-xylose->D-xylonolactone -5	Complex xylose_degradation: D-xylonolactone->D-xylonate -6	Complex xylose_degradation: D-xylonate->2-dehydro-3-deoxy-D-xylonate -7	Complex xylose_degradation: D-xylose->D-xylonate -8	Complex acetogenesis: pyruvate->acetyl-CoA -1	Complex acetogenesis: acetyl-CoA->acetyl-P -2	Complex acetogenesis: acetyl-P->acetate -3	Complex acetogenesis: pyruvate->acetate -4	Complex acetogenesis: pyruvate->acetyl-P -5	Complex acetogenesis: acetyl-CoA->acetate -6	Complex ethanol_fermentation: pyruvate->acetyl-CoA -1	Complex ethanol_fermentation: acetyl-CoA->acetaldehyde -2	Complex ethanol_fermentation: acetaldehyde->ethanol -3	Complex ethanol_fermentation: pyruvate->acetaldehyde -4	Complex ethanol_fermentation: ethanol->acetaldehyde -5	Complex lactate_fermentation: pyruvate->L-lactate -1	Complex lactate_fermentation: pyruvate->D-lactate -2	Complex propionate_fermentation: succinyl-CoA->R-methylmalonyl-CoA -6	Complex propionate_fermentation: R-methylmalonyl-CoA->S-methylmalonyl-CoA -7	Complex propionate_fermentation: S-methylmalonyl-CoA->propionyl-CoA -8	Complex propionate_fermentation: propionyl-CoA->propionate -9	Complex propionate_fermentation: pyruvate->lactate -10	Complex propionate_fermentation: lactate->lactoyl-CoA -11	Complex propionate_fermentation: lactoyl-CoA->acryloyl-CoA -12	Complex propionate_fermentation: acryloyl-CoA->propionyl-CoA -13	Complex butanoate_fermentation: succinyl-CoA->succinate semialdehyde -6	Complex butanoate_fermentation: succinate semialdehyde->4-hydroxybutanoate -7	Complex butanoate_fermentation: 4-hydroxybutanoate->4-hydroxybutanoyl-CoA -8	Complex butanoate_fermentation: 4-hydroxybutanoyl-CoA->crotonoyl-CoA -9	Complex butanoate_fermentation: crotonoyl-CoA->butanoyl-CoA -10	Complex butanoate_fermentation: butanoyl-CoA->butanoate -11	Complex butanoate_fermentation: butanoyl-CoA->butanoyl-P -12	Complex butanoate_fermentation: butanoyl-P->butanoate -13	Complex butanoate_fermentation: pyruvate->acetyl-CoA -14	Complex butanoate_fermentation: acetyl-CoA->acetatoacetyl-CoA -15	Complex butanoate_fermentation: acetatoacetyl-CoA->3-hydroxybutanoyl-CoA -16	Complex butanoate_fermentation: 3-hydroxybutanoyl-CoA->crotonoyl-CoA -17	Complex lactose_degradation: lactose->D-galactose+D-glucose -1	Complex galactose_degradation: D-galactose->a-D-galactose -1	Complex galactose_degradation: a-D-galactose->a-D-galactose-1-phosphate -2	Complex galactose_degradation: a-D-galactose-1-phosphate->UPD-a-galactose+D-glucose-1-phosphate+UPD-glucose -3	Complex galactose_degradation: UPD-a-galactose->UPD-glucose -4	Complex sucrose_degradation: sucrose->D-glucose+D-fructose -1	Complex sucrose_degradation: sucrose->D-glucose+D-fructose -2	Complex sucrose_degradation: sucrose->D-fructose+D-glucose-1P -3	Complex fructose_degradation: D-fructose->D-fructose-6P -1	Complex mannose_degradation: D-mannose->D-mannose-6P -1	Complex mannose_degradation: D-mannose->D-mannose-6P -2	Complex mannose_degradation: D-mannose-6P->D-fructose-6P -3	Complex fucose_degradation: L-fucose->L-fuculose -1	Complex fucose_degradation: L-fuculose->L-fuculose-1P -2	Complex fucose_degradation: L-fuculose-1P->glycerone-P -3	Complex galacturonic_acid_degradation: D-galacturonate->D-tagaturonate -1	Complex galacturonic_acid_degradation: D-tagaturonate->D-altronate -2	Complex galacturonic_acid_degradation: D-altronate->2-dehydro-3-deoxy-D-gluconate -3	Complex galacturonic_acid_degradation: 2-dehydro-3-deoxy-D-gluconate->2-dehydro-3-deoxy-6-phospho-D-gluconate -4	Complex galacturonic_acid_degradation: 2-dehydro-3-deoxy-6-phospho-D-gluconate->glyceraldehyde-3-phosphate+pyruvate -5	Complex hydrogenotrophic_methanogenesis: carbon dioxide->formyl-MFR+formate -1	Complex hydrogenotrophic_methanogenesis: formyl-MFR->5-formyl-H4MPT -2	Complex hydrogenotrophic_methanogenesis: 5-formyl-H4MPT->5,10-methenyl-H4MPT -3	Complex hydrogenotrophic_methanogenesis: 5,10-methenyl-H4MPT->5,10-methylene-H4MPT -4	Complex hydrogenotrophic_methanogenesis: 5,10-methylene-H4MPT->5-methyl-H4MPT -5	Complex hydrogenotrophic_methanogenesis: 5-methyl-H4MPT+CoM->methyl-CoM -6	Complex hydrogenotrophic_methanogenesis: methyl-CoM+CoB->methane+CoM-S-S-CoB -7	Complex hydrogenotrophic_methanogenesis: CoM-S-S-CoB->CoM+CoB -8	Complex hydrogenotrophic_methanogenesis: CoM-S-S-CoB->CoM+CoB -9	Complex acetoclastic_methanogenesis: acetate->acetyl-CoA -1	Complex acetoclastic_methanogenesis: acetate->acetyl-P -2	Complex acetoclastic_methanogenesis: acetyl-P->acetyl-CoA -3	Complex acetoclastic_methanogenesis: acetyl-CoA->5-methyl-H4MPT+carbon monoxide -4	Complex acetoclastic_methanogenesis: 5-methyl-H4MPT+CoM->methyl-CoM -5	Complex acetoclastic_methanogenesis: methyl-CoM+CoB->methane+CoM-S-S-CoB -6	Complex acetoclastic_methanogenesis: CoM-S-S-CoB->CoM+CoB -7	Complex acetoclastic_methanogenesis: CoM-S-S-CoB->CoM+CoB -8	Complex acetoclastic_methanogenesis: cabon_monoxide->carbon_dioxide -9	Complex acetoclastic_methanogenesis: 5-methyl-H4MPT->5,10-methylene-H4MPT -10	Complex acetoclastic_methanogenesis: 5,10-methylene-H4MPT->5,10-methenyl-H4MPT -11	Complex acetoclastic_methanogenesis: 5,10-methenyl-H4MPT->5-formyl-H4MPT -12	Complex acetoclastic_methanogenesis: 5-formyl-H4MPT->formyl-MFR -13	Complex acetoclastic_methanogenesis: formyl-MFR+formate->carbon dioxide -14	Complex methylotrophic_methanogenesis: methanol->methyl-CoM -1	Complex methylotrophic_methanogenesis: methylamine->methyl-CoM -2	Complex methylotrophic_methanogenesis: dimethylamine->methyl-CoM -3	Complex methylotrophic_methanogenesis: trimethylamine->methyl-CoM -4	Complex methylotrophic_methanogenesis: methanethiol->methyl-CoM -5	Complex methylotrophic_methanogenesis: 5-methyl-H4MPT+CoM->methyl-CoM -6	Complex methylotrophic_methanogenesis: methyl-CoM+CoB->methane+CoM-S-S-CoB -7	Complex methylotrophic_methanogenesis: CoM-S-S-CoB->CoM+CoB -8	Complex methylotrophic_methanogenesis: CoM-S-S-CoB->CoM+CoB -9	Complex Calvin_Benson: carbon dioxide->3-P-glycerate -1	Complex Calvin_Benson: 3-P-glycerate->glycerate-1,3-bis-P -2	Complex Calvin_Benson: glycerate-1,3-bis-P->glyceraldehyde-3-P -3	Complex Calvin_Benson: glyceraldehyde-3-P->dihydroxyacetone-P -4	Complex Calvin_Benson: glyceraldehyde-3-P->fructose-1,6-bis-P -5	Complex Calvin_Benson: fructose-1,6-bis-P->fructose-6-P -6	Complex Calvin_Benson: fructose-6-P+glyceraldehyde-3-P+sedoheptulose-7-P->erythrose-4-P+ribose-5-P+xylulose-5-P -7	Complex Calvin_Benson: erythrose-4-P+dihydroxyacetone-P->sedoheptulose-1,7-bis-P -8	Complex Calvin_Benson: sedoheptulose-1,7-bis-P->sedoheptulose-7-P -9	Complex Calvin_Benson: ribose-5-P->ribulose-5-P -10	Complex Calvin_Benson: xylulose-5-P->ribulose-5-P -11	Complex Calvin_Benson: ribulose-5-P->ribulose-1,5-bis-P -12	Complex rTCA: citrate->acetyl-CoA+oxaloacetate -1	Complex rTCA: fumarate->succinate -4	Complex rTCA: succinyl-CoA->2-oxoglutarate -6	Complex Wood_Ljungdahl: carbon dioxide->formate -1	Complex Wood_Ljungdahl: formate+THF->formyl-H4MPT -2	Complex Wood_Ljungdahl: carbon dioxide+MFR->formyl-MFR -3	Complex Wood_Ljungdahl: formyl_MFR+H4MPT->MFR+formyl_H4PMT -4	Complex Wood_Ljungdahl: 5_formyl_H4F->5,10_methenyl_H4F -5	Complex Wood_Ljungdahl: 5_formyl_H4MPT->5,10_methenyl_H4MPT -6	Complex Wood_Ljungdahl: 5,10_methenyl_H4F->5,10_methylene_H4F -7	Complex Wood_Ljungdahl: 5,10_methenyl_H4MPT->5,10_methylene_H4MPT -8	Complex Wood_Ljungdahl: 5,10_methylene_H4F->5_methyl_H4F -9	Complex Wood_Ljungdahl: 5,10_methylene_H4MPT->5_methyl_H4MPT -10	Complex Wood_Ljungdahl: 5_methyl_H4MPT->H4MPT+acetyl_CoA -11	Complex Fuchs_Holo: acetyl-CoA->malonyl-CoA -1	Complex Fuchs_Holo: malonyl-CoA->3-hydroxypropionate -2	Complex Fuchs_Holo: 3-hydroxypropionate->propionyl-CoA -3	Complex Fuchs_Holo: propionyl-CoA+bicarbonate->S-methylmalonyl-CoA -4	Complex Fuchs_Holo: S-methylmalonyl-CoA->R-methylmalonyl-CoA -5	Complex Fuchs_Holo: R-methylmalonyl-CoA->succinyl-CoA -6	Complex Fuchs_Holo: succinyl-CoA+malate->succinate+S-malyl-CoA -7	Complex Fuchs_Holo: S-malyl-CoA+propionyl-CoA+S-citramalyl-CoA->glyoxylate+acetyl-CoA+2R,3S-B-methylmalyl-CoA+pyruvate -10	Complex Fuchs_Holo: 2R,3S-B-methylmalyl->mesaconyl-C1-CoA -11	Complex Fuchs_Holo: mesaconyl-C1-CoA->mesaconyl-C4-CoA -12	Complex Fuchs_Holo: mesaconyl-C4-CoA->S-citramalyl-CoA -13	Complex HPHB_DCHB: acetyl-CoA+carbon dioxide->pyruvate -1	Complex HPHB_DCHB: pyruvate->PEP -2	Complex HPHB_DCHB: fumarate->succinate -6	Complex HPHB_DCHB: propionyl-CoA+bicarbonate+acetyl-CoA+bicarbonate->S-methylmalonyl-CoA+malonyl-CoA -8	Complex HPHB_DCHB: malonyl-CoA->malonate-semialdehyde -9	Complex HPHB_DCHB: malonate-semialdehyde->3-hydroxypropionate -10	Complex HPHB_DCHB: 3-hydroxypropionate->3-hydroxypropionyl-CoA -11	Complex HPHB_DCHB: 3-hydroxypropionyl-CoA->acryloyl-CoA -12	Complex HPHB_DCHB: acryloyl-CoA->propionyl-CoA -13	Complex HPHB_DCHB: S-methylmalonyl-CoA->R-methylmalonyl-CoA -14	Complex HPHB_DCHB: R-methylmalonyl-CoA->succinyl-CoA -15	Complex HPHB_DCHB: succinyl-CoA->succinate semialdehyde -16	Complex HPHB_DCHB: succinate semialdehyde->4-hydroxybutanoate -17	Complex HPHB_DCHB: 4-hydroxybutanoate->4-hydroxybutanoyl-CoA -18	Complex HPHB_DCHB: 4-hydroxybutanoyl-CoA->crotonyl-CoA -19	Complex HPHB_DCHB: crotonyl-CoA->3-hydroxybutanoyl-CoA -20	Complex HPHB_DCHB: 3-hydroxybutanoyl-CoA->acetoacetyl-CoA -21	Complex HPHB_DCHB: acetoacetyl-CoA->acetyl-CoA -22
20100900_E1D_12	0.0	0.0	0.0	0.0	0.0	0.0	0.8571428571428571	0.0	0.0	0.0	0.0	0.0	0.0	0.0	0.0	0.0	0.0	1.0	1.0	0.0	1.0	0.0	1.0	0.7142857142857143	1.0	0.75	1.0	0.0	1.0	1.0	0.0	0.0	0.0	0.0	0.0	0.0	0.0	0.0	0.0	0.0	0.0	0.0	0.0	0.0	0.0	0.0	0.0	0.0	0.0	0.0	0.0	0.0	1.0	0.0	1.0	0.0	0.0	0.0	0.0	0.0	0.0	0.0	0.0	1.0	0.0	1.0	0.0	0.0	0.0	1.0	0.0	0.0	0.0	0.0	0.0	1.0	0.0	0.0	0.0	0.0	1.0	0.0	0.0	0.0	0.0	0.0	0.0	0.0	0.0	0.0	0.0	0.0	1.0	0.0	0.0	0.0	1.0	1.0	1.0	1.0	1.0	0.0	0.0	0.0	0.0	0.0	0.0	1.0	0.0	0.0	0.0	1.0	0.0	0.0	0.0	1.0	0.1666666666666666	0.0	0.0	0.0	0.0	0.0	0.0	0.0	0.0	1.0	1.0	0.0	0.0	0.0	0.0	0.0	0.0	0.0	0.0	0.0	0.0	0.0	0.1666666666666666	0.0	0.0	0.0	0.0	0.0	0.0	0.0	0.0	0.0	0.5	1.0	0.0	1.0	1.0	0.0	1.0	1.0	0.0	0.0	1.0	0.0	0.0	0.0	0.5	0.0	1.0	0.1666666666666666	0.0	1.0	0.0	1.0	0.0	1.0	0.0	0.0	0.25	0.0	0.0	0.0	0.0	0.0	0.0	0.0	0.0	0.0	0.0	0.0	0.0	0.0	0.3333333333333333	0.0	0.0	0.0	0.0	0.0	0.0	0.0	0.0	0.0	0.0	0.0	0.0	0.0	0.0
3300023248_8	0.0	0.0	0.0	0.0	0.0	0.0	0.1428571428571428	0.0	0.0	0.0	0.0	0.0	0.0	0.0	0.0	0.0	0.0	0.0	0.0	0.0	0.0	0.0	0.0	0.0	0.0	0.0	0.0	0.0	0.0	0.0	0.0	0.0	0.0	0.0	0.0	0.0	0.0	0.0	0.0	0.0	0.0	0.0	0.0	0.0	0.0	0.0	0.0	1.0	0.0	0.0	0.0	0.0	0.0	0.0	0.0	0.0	0.0	0.0	0.0	0.0	0.0	0.0	0.0	1.0	0.0	0.0	0.0	1.0	0.0	1.0	0.0	0.0	0.0	0.0	0.0	0.0	0.0	0.0	0.0	0.0	0.0	0.0	0.0	0.0	0.0	0.0	0.0	0.0	0.0	0.0	0.0	0.0	1.0	1.0	0.0	0.0	0.0	0.0	0.0	0.0	1.0	0.0	0.0	0.0	0.0	0.0	0.0	0.0	0.0	0.0	0.0	0.0	0.0	0.0	0.0	0.0	1.0	1.0	1.0	1.0	1.0	0.25	0.3333333333333333	1.0	0.6666666666666666	1.0	0.0	0.0	0.0	0.25	0.3333333333333333	1.0	0.6666666666666666	0.0	1.0	1.0	1.0	1.0	1.0	0.0	0.0	0.0	0.0	0.0	0.25	0.3333333333333333	1.0	0.6666666666666666	0.0	1.0	1.0	1.0	1.0	0.0	0.0	1.0	0.0	1.0	0.0	0.0	0.0	0.0	0.5	0.0	0.0	1.0	1.0	0.0	1.0	0.0	1.0	0.0	1.0	0.0	0.0	0.0	0.0	0.0	0.0	0.0	0.0	0.0	0.0	0.0	0.0	0.75	1.0	0.0	0.0	0.0	0.0	0.0	0.0	0.0	0.0	0.0	0.0	0.0	0.0	0.0	0.0	0.0	1.0
