genome	nitrogen_redox-nitrate_reduction	nitrogen_redox-denitrification	nitrogen_redox-nitrogen_fixation	nitrogen_redox-anammox	nitrogen_redox-ammonia_oxidation	nitrogen_redox-nitrite_oxidation	nitrogen_redox-nitric_oxide_oxidation	nitrogen_redox-comammox	nitrogen_redox-assimilatory_nitrate_reduction	chemotaxis-chemotaxis	flagella_assembly-flagella_assembly	sulfur_redox-dissimilatory_sulfate_reduction	sulfur_redox-assimilatory_sulfate_reduction	sulfur_redox-dissimilatory_sulfur_oxidation	urea_degradation-all_urea_degradation	carbon_redox-assimilatory_methanotrophy	carbon_redox-dissimilatory_methanotrophy	xylose_degradation-isomerase_pathway	xylose_degradation-oxidoreductase_pathway	xylose_degradation-xylonate_hydratase_pathway	xylose_degradation-weimburg_dahms	acetogenesis-all_acetogenesis	ethanol_fermentation-all_ethanol_fermentation	lactate_fermentation-all_lactate_fermentation	propionate_fermentation-succinate_pathway	propionate_fermentation-acrylate_pathway	butanoate_fermentation-succinate_pathway	butanoate_fermentation-acetyl_coa_pathway	lactose_degradation-all_lactose_degradation	galactose_degradation-all_galactose_degradation	sucrose_degradation-all_sucrose_degradation	fructose_degradation-all_fructose_degradation	mannose_degradation-all_mannose_degradation	fucose_degradation-all_fucose_degradation	galacturonic_acid_degradation-all_galacturonic_acid_degradation	hydrogenotrophic_methanogenesis-all_hydrogenotrophic_methanogenesis	acetoclastic_methanogenesis-all_acetoclastic_methanogenesis	methylotrophic_methanogenesis-methanol_methanogenesis	methylotrophic_methanogenesis-methylamine_methanogenesis	methylotrophic_methanogenesis-dimethylamine_methanogenesis	methylotrophic_methanogenesis-trimethylamine_methanogenesis	methylotrophic_methanogenesis-methanethiol_methanogenesis	Calvin_Benson-all_Calvin_Benson	rTCA-all_rTCA	Wood_Ljungdahl-all_Wood_Ljungdahl	Fuchs_Holo-all_Fuchs_Holo	HPHB_DCHB-DCHB	HPHB_DCHB-HPHB
20100900_E1D_12	False	False	True	False	False	False	False	False	False	False	False	False	False	False	False	False	False	False	False	False	False	False	False	True	False	False	False	False	True	True	False	False	False	False	False	False	False	False	False	False	False	False	False	False	False	False	False	False
3300023248_8	False	False	False	False	False	False	False	False	False	False	False	False	False	False	False	False	False	False	False	False	False	False	False	False	False	False	False	False	False	False	False	False	False	False	False	True	False	False	False	False	False	False	False	False	False	False	False	False
